﻿[dotenv@17.2.3] injecting env (15) from .env -- tip: ÔÜÖ´©Å  write to custom object with { processEnv: myObject }
[dotenv@17.2.3] injecting env (0) from .env -- tip: ­ƒùé´©Å backup and recover secrets: https://dotenvx.com/ops
ÔÜá´©Å  Service SMS Twilio d├®sactiv├® (cl├®s non configur├®es)
ÔÜá´©Å  Service Push Notifications Firebase d├®sactiv├®
node : node:internal/
modules/cjs/loader:14
24
Au caractère Ligne:1 
: 1
+ node server.js > 
error_log.txt 2>&1
+ ~~~~~~~~~~~~~~~~~~~
~~~~~~~~~~~~~~~~
    + CategoryInfo   
           : NotSpe  
  cified: (node:in   
 ternal/modules/c    
js/loader:1424:S    
tring) [], Remot    
eException
    + FullyQualified 
   ErrorId : Native  
  CommandError
 
  throw err;
  ^

Error: Cannot find 
module '../middleware
/authMiddleware'
Require stack:
- C:\Users\TIDJANI HA
MED\Desktop\afriride\
backend\routes\favori
teRoutes.js
- C:\Users\TIDJANI HA
MED\Desktop\afriride\
backend\server.js
    at Module._resolv
eFilename (node:inter
nal/modules/cjs/loade
r:1421:15)
    at 
defaultResolveImpl (n
ode:internal/modules/
cjs/loader:1059:19)
    at resolveForCJSW
ithHooks (node:intern
al/modules/cjs/loader
:1064:22)
    at Module._load (
node:internal/modules
/cjs/loader:1227:37)
    at TracingChannel
.traceSync (node:diag
nostics_channel:328:1
4)
    at 
wrapModuleLoad (node:
internal/modules/cjs/
loader:245:24)
    at 
Module.require (node:
internal/modules/cjs/
loader:1504:12)
    at require (node:
internal/modules/help
ers:152:16)
    at 
Object.<anonymous> 
(C:\Users\TIDJANI HAM
ED\Desktop\afriride\b
ackend\routes\favorit
eRoutes.js:4:21)
    at 
Module._compile (node
:internal/modules/cjs
/loader:1761:14) {
  code: 
'MODULE_NOT_FOUND',
  requireStack: [
    
'C:\\Users\\TIDJANI H
AMED\\Desktop\\afriri
de\\backend\\routes\\
favoriteRoutes.js',
    
'C:\\Users\\TIDJANI H
AMED\\Desktop\\afriri
de\\backend\\server.j
s'
  ]
}


Node.js v24.11.1

